2020-12-29 20:25:53 正式发布完毕
2020-12-30 08:14:19 分支创建完成
2020-12-30 08:14:24 分支创建完成
2020-12-30 08:14:25 分支创建完成
2020-12-30 08:14:25 分支创建完成
2020-12-30 08:14:25 分支创建完成
2020-12-30 08:27:34 分支创建完成
2020-12-30 08:35:30 分支创建完成
2020-12-30 08:47:08 正式发布完成
2020-12-30 08:47:50 正式发布完成
2020-12-30 08:49:35 正式发布完成
2020-12-30 15:02:07 分支创建完成
2020-12-30 15:05:55 预发布完成
2020-12-30 15:19:33 分支创建完成
2020-12-30 15:22:21 预发布完成
2020-12-30 15:24:24 正式发布完成
2020-12-30 16:41:10 分支创建完成
2020-12-30 16:43:49 预发布完成
2020-12-30 16:46:28 正式发布完成
2020-12-30 16:52:19 分支创建完成
2020-12-30 16:54:26 预发布完成
2020-12-30 16:56:58 正式发布完成
2020-12-30 19:12:03 分支创建完成
2020-12-30 19:15:26 预发布完成
2020-12-30 19:16:30 正式发布完成
2021-01-02 16:27:12 分支创建完成
2021-01-02 16:45:54 分支创建完成
2021-01-02 16:59:25 预发布完成
2021-01-02 17:08:33 预发布完成
2021-01-02 17:09:40 正式发布完成
2021-01-02 09:38:43 分支创建完成
2021-01-02 17:21:09 预发布完成
2021-01-02 18:10:31 正式发布完成
2021-01-05 16:42:19 分支创建完成
2021-01-05 16:52:22 预发布完成
2021-01-05 16:59:45 正式发布完成
2021-01-05 20:15:27 分支创建完成
2021-01-06 11:43:35 分支创建完成
2021-01-06 11:46:21 预发布完成
2021-01-06 11:48:34 正式发布完成
2021-01-06 12:59:35 分支创建完成
2021-01-06 13:21:50 分支创建完成
2021-01-06 13:25:49 分支创建完成
2021-01-06 14:12:09 分支创建完成
2021-01-06 14:23:45 分支创建完成
2021-01-06 14:25:30 预发布完成
2021-01-06 14:26:12 正式发布完成
2021-01-11 23:46:50 分支创建完成
